<?xml version="1.0" encoding="UTF-8"?>
<TestRun id="d7609a60-29aa-4931-9ea0-2c87a77379ca" name="Omar@OMAR-PC 2012-11-21 10:27:02" runUser="Omar-PC\Omar" xmlns="http://microsoft.com/schemas/VisualStudio/TeamTest/2010">
  <TestSettings name="Local" id="4bb0a581-7075-47b7-ba43-58a6bb142cdb">
    <Description>These are default test settings for a local test run.</Description>
    <Deployment enabled="false" runDeploymentRoot="Omar_OMAR-PC 2012-11-21 10_27_02">
      <DeploymentItem filename="D:\Git\ClassicalEncryptionTechniques_Code\Services\bin\Debug\Services.dll" />
    </Deployment>
    <Execution>
      <TestTypeSpecific />
      <AgentRule name="Execution Agents">
      </AgentRule>
    </Execution>
  </TestSettings>
  <Times creation="2012-11-21T10:27:02.1703227+02:00" queuing="2012-11-21T10:27:02.3223314+02:00" start="2012-11-21T10:27:02.3703342+02:00" finish="2012-11-21T10:27:03.0153711+02:00" />
  <ResultSummary outcome="Completed">
    <Counters total="14" executed="14" passed="14" error="0" failed="0" timeout="0" aborted="0" inconclusive="0" passedButRunAborted="0" notRunnable="0" notExecuted="0" disconnected="0" warning="0" completed="0" inProgress="0" pending="0" />
  </ResultSummary>
  <TestDefinitions>
    <UnitTest name="RailFence_DecryptTest" storage="d:\git\classicalencryptiontechniques_code\unittests\bin\debug\unittests.dll" id="58f9fdac-cd3a-a4bc-5560-85b64fa1614a">
      <Execution id="925ed084-9e32-415d-be4f-898ae4136ce1" />
      <TestMethod codeBase="D:/Git/ClassicalEncryptionTechniques_Code/UnitTests/bin/Debug/UnitTests.DLL" adapterTypeName="Microsoft.VisualStudio.TestTools.TestTypes.Unit.UnitTestAdapter, Microsoft.VisualStudio.QualityTools.Tips.UnitTest.Adapter, Version=10.0.0.0, Culture=neutral, PublicKeyToken=b03f5f7f11d50a3a" className="UnitTests.RailFenceTest, UnitTests, Version=1.0.0.0, Culture=neutral, PublicKeyToken=null" name="RailFence_DecryptTest" />
    </UnitTest>
    <UnitTest name="Hill_EncryptTest" storage="d:\git\classicalencryptiontechniques_code\unittests\bin\debug\unittests.dll" id="a4abdc6c-d803-cff0-c6dc-152de560d201">
      <Execution id="aaade6d7-1e4d-4411-8969-827c8e88bd1a" />
      <TestMethod codeBase="D:/Git/ClassicalEncryptionTechniques_Code/UnitTests/bin/Debug/UnitTests.DLL" adapterTypeName="Microsoft.VisualStudio.TestTools.TestTypes.Unit.UnitTestAdapter, Microsoft.VisualStudio.QualityTools.Tips.UnitTest.Adapter, Version=10.0.0.0, Culture=neutral, PublicKeyToken=b03f5f7f11d50a3a" className="UnitTests.HillTest, UnitTests, Version=1.0.0.0, Culture=neutral, PublicKeyToken=null" name="Hill_EncryptTest" />
    </UnitTest>
    <UnitTest name="RailFence_EncryptTest" storage="d:\git\classicalencryptiontechniques_code\unittests\bin\debug\unittests.dll" id="99d041bc-6388-87c2-97e4-af16d9546ffb">
      <Execution id="6f702469-0bce-4295-bbd5-1ba0cf81076f" />
      <TestMethod codeBase="D:/Git/ClassicalEncryptionTechniques_Code/UnitTests/bin/Debug/UnitTests.DLL" adapterTypeName="Microsoft.VisualStudio.TestTools.TestTypes.Unit.UnitTestAdapter, Microsoft.VisualStudio.QualityTools.Tips.UnitTest.Adapter, Version=10.0.0.0, Culture=neutral, PublicKeyToken=b03f5f7f11d50a3a" className="UnitTests.RailFenceTest, UnitTests, Version=1.0.0.0, Culture=neutral, PublicKeyToken=null" name="RailFence_EncryptTest" />
    </UnitTest>
    <UnitTest name="AutoKey_EncryptTest" storage="d:\git\classicalencryptiontechniques_code\unittests\bin\debug\unittests.dll" id="7470bfad-8280-824c-7ef5-0cb14f080611">
      <Execution id="40675f3d-711f-4175-9e51-84cfcfbca0e0" />
      <TestMethod codeBase="D:/Git/ClassicalEncryptionTechniques_Code/UnitTests/bin/Debug/UnitTests.DLL" adapterTypeName="Microsoft.VisualStudio.TestTools.TestTypes.Unit.UnitTestAdapter, Microsoft.VisualStudio.QualityTools.Tips.UnitTest.Adapter, Version=10.0.0.0, Culture=neutral, PublicKeyToken=b03f5f7f11d50a3a" className="UnitTests.AutoKeyTest, UnitTests, Version=1.0.0.0, Culture=neutral, PublicKeyToken=null" name="AutoKey_EncryptTest" />
    </UnitTest>
    <UnitTest name="AutoKey_DecryptTest" storage="d:\git\classicalencryptiontechniques_code\unittests\bin\debug\unittests.dll" id="53c0877b-6e62-8586-d93c-870e1136c748">
      <Execution id="5f82e507-d096-438d-95b1-5390862b8fcd" />
      <TestMethod codeBase="D:/Git/ClassicalEncryptionTechniques_Code/UnitTests/bin/Debug/UnitTests.DLL" adapterTypeName="Microsoft.VisualStudio.TestTools.TestTypes.Unit.UnitTestAdapter, Microsoft.VisualStudio.QualityTools.Tips.UnitTest.Adapter, Version=10.0.0.0, Culture=neutral, PublicKeyToken=b03f5f7f11d50a3a" className="UnitTests.AutoKeyTest, UnitTests, Version=1.0.0.0, Culture=neutral, PublicKeyToken=null" name="AutoKey_DecryptTest" />
    </UnitTest>
    <UnitTest name="PlayFair_DecryptTest" storage="d:\git\classicalencryptiontechniques_code\unittests\bin\debug\unittests.dll" id="5e21d739-18c8-c2f7-03a8-0a6b4504e69a">
      <Execution id="15b6f908-e3df-48e2-8bfe-ea5db7ae90d4" />
      <TestMethod codeBase="D:/Git/ClassicalEncryptionTechniques_Code/UnitTests/bin/Debug/UnitTests.DLL" adapterTypeName="Microsoft.VisualStudio.TestTools.TestTypes.Unit.UnitTestAdapter, Microsoft.VisualStudio.QualityTools.Tips.UnitTest.Adapter, Version=10.0.0.0, Culture=neutral, PublicKeyToken=b03f5f7f11d50a3a" className="UnitTests.PlayFairTest, UnitTests, Version=1.0.0.0, Culture=neutral, PublicKeyToken=null" name="PlayFair_DecryptTest" />
    </UnitTest>
    <UnitTest name="RowTransposition_DecryptTest" storage="d:\git\classicalencryptiontechniques_code\unittests\bin\debug\unittests.dll" id="be2cdd51-7281-1458-49a4-8778293efe6d">
      <Execution id="0f4b28c5-f9ae-4729-8ac2-60dfed9302b9" />
      <TestMethod codeBase="D:/Git/ClassicalEncryptionTechniques_Code/UnitTests/bin/Debug/UnitTests.DLL" adapterTypeName="Microsoft.VisualStudio.TestTools.TestTypes.Unit.UnitTestAdapter, Microsoft.VisualStudio.QualityTools.Tips.UnitTest.Adapter, Version=10.0.0.0, Culture=neutral, PublicKeyToken=b03f5f7f11d50a3a" className="UnitTests.RowTranspositionTest, UnitTests, Version=1.0.0.0, Culture=neutral, PublicKeyToken=null" name="RowTransposition_DecryptTest" />
    </UnitTest>
    <UnitTest name="Ceaser_EncryptTest" storage="d:\git\classicalencryptiontechniques_code\unittests\bin\debug\unittests.dll" id="d9f426ae-5669-c2a5-a92a-8379a61b6016">
      <Execution id="ca24a40b-3b26-4698-8ca5-2b878da46076" />
      <TestMethod codeBase="D:/Git/ClassicalEncryptionTechniques_Code/UnitTests/bin/Debug/UnitTests.DLL" adapterTypeName="Microsoft.VisualStudio.TestTools.TestTypes.Unit.UnitTestAdapter, Microsoft.VisualStudio.QualityTools.Tips.UnitTest.Adapter, Version=10.0.0.0, Culture=neutral, PublicKeyToken=b03f5f7f11d50a3a" className="UnitTests.CeaserTest, UnitTests, Version=1.0.0.0, Culture=neutral, PublicKeyToken=null" name="Ceaser_EncryptTest" />
    </UnitTest>
    <UnitTest name="Vigenere_EncryptTest" storage="d:\git\classicalencryptiontechniques_code\unittests\bin\debug\unittests.dll" id="ade6c425-996e-6174-a311-6405b32e7d57">
      <Execution id="0a6b449e-f359-463a-894c-fdeb4eb5405f" />
      <TestMethod codeBase="D:/Git/ClassicalEncryptionTechniques_Code/UnitTests/bin/Debug/UnitTests.DLL" adapterTypeName="Microsoft.VisualStudio.TestTools.TestTypes.Unit.UnitTestAdapter, Microsoft.VisualStudio.QualityTools.Tips.UnitTest.Adapter, Version=10.0.0.0, Culture=neutral, PublicKeyToken=b03f5f7f11d50a3a" className="UnitTests.VigenereTest, UnitTests, Version=1.0.0.0, Culture=neutral, PublicKeyToken=null" name="Vigenere_EncryptTest" />
    </UnitTest>
    <UnitTest name="RowTransposition_EncryptTest" storage="d:\git\classicalencryptiontechniques_code\unittests\bin\debug\unittests.dll" id="11c573cd-0191-078a-44b9-1cfa120f5216">
      <Execution id="747b42c3-2b22-40c3-9f1f-ff19b72ceeda" />
      <TestMethod codeBase="D:/Git/ClassicalEncryptionTechniques_Code/UnitTests/bin/Debug/UnitTests.DLL" adapterTypeName="Microsoft.VisualStudio.TestTools.TestTypes.Unit.UnitTestAdapter, Microsoft.VisualStudio.QualityTools.Tips.UnitTest.Adapter, Version=10.0.0.0, Culture=neutral, PublicKeyToken=b03f5f7f11d50a3a" className="UnitTests.RowTranspositionTest, UnitTests, Version=1.0.0.0, Culture=neutral, PublicKeyToken=null" name="RowTransposition_EncryptTest" />
    </UnitTest>
    <UnitTest name="Vigenere_DecryptTest" storage="d:\git\classicalencryptiontechniques_code\unittests\bin\debug\unittests.dll" id="888bf383-1cd2-9304-2692-48803ab252cb">
      <Execution id="ea179baf-7a76-4b82-9806-675eba7dd268" />
      <TestMethod codeBase="D:/Git/ClassicalEncryptionTechniques_Code/UnitTests/bin/Debug/UnitTests.DLL" adapterTypeName="Microsoft.VisualStudio.TestTools.TestTypes.Unit.UnitTestAdapter, Microsoft.VisualStudio.QualityTools.Tips.UnitTest.Adapter, Version=10.0.0.0, Culture=neutral, PublicKeyToken=b03f5f7f11d50a3a" className="UnitTests.VigenereTest, UnitTests, Version=1.0.0.0, Culture=neutral, PublicKeyToken=null" name="Vigenere_DecryptTest" />
    </UnitTest>
    <UnitTest name="Hill_DecryptTest" storage="d:\git\classicalencryptiontechniques_code\unittests\bin\debug\unittests.dll" id="3ae16cfb-27ba-9aac-3b90-a1df7854ef3c">
      <Execution id="a95a9655-45bb-4871-8e54-dab0e9b9f8ab" />
      <TestMethod codeBase="D:/Git/ClassicalEncryptionTechniques_Code/UnitTests/bin/Debug/UnitTests.DLL" adapterTypeName="Microsoft.VisualStudio.TestTools.TestTypes.Unit.UnitTestAdapter, Microsoft.VisualStudio.QualityTools.Tips.UnitTest.Adapter, Version=10.0.0.0, Culture=neutral, PublicKeyToken=b03f5f7f11d50a3a" className="UnitTests.HillTest, UnitTests, Version=1.0.0.0, Culture=neutral, PublicKeyToken=null" name="Hill_DecryptTest" />
    </UnitTest>
    <UnitTest name="Ceaser_DecryptTest" storage="d:\git\classicalencryptiontechniques_code\unittests\bin\debug\unittests.dll" id="47933688-5f26-bf64-ecb0-a15d49bf9962">
      <Execution id="bf59070c-1a4e-4520-9149-0246b0b989e9" />
      <TestMethod codeBase="D:/Git/ClassicalEncryptionTechniques_Code/UnitTests/bin/Debug/UnitTests.DLL" adapterTypeName="Microsoft.VisualStudio.TestTools.TestTypes.Unit.UnitTestAdapter, Microsoft.VisualStudio.QualityTools.Tips.UnitTest.Adapter, Version=10.0.0.0, Culture=neutral, PublicKeyToken=b03f5f7f11d50a3a" className="UnitTests.CeaserTest, UnitTests, Version=1.0.0.0, Culture=neutral, PublicKeyToken=null" name="Ceaser_DecryptTest" />
    </UnitTest>
    <UnitTest name="PlayFair_EncryptTest" storage="d:\git\classicalencryptiontechniques_code\unittests\bin\debug\unittests.dll" id="e100471e-49c2-72ab-c794-1674300bfb63">
      <Execution id="d54af235-ac09-47bb-911f-21462e2e12cd" />
      <TestMethod codeBase="D:/Git/ClassicalEncryptionTechniques_Code/UnitTests/bin/Debug/UnitTests.DLL" adapterTypeName="Microsoft.VisualStudio.TestTools.TestTypes.Unit.UnitTestAdapter, Microsoft.VisualStudio.QualityTools.Tips.UnitTest.Adapter, Version=10.0.0.0, Culture=neutral, PublicKeyToken=b03f5f7f11d50a3a" className="UnitTests.PlayFairTest, UnitTests, Version=1.0.0.0, Culture=neutral, PublicKeyToken=null" name="PlayFair_EncryptTest" />
    </UnitTest>
  </TestDefinitions>
  <TestLists>
    <TestList name="Results Not in a List" id="8c84fa94-04c1-424b-9868-57a2d4851a1d" />
    <TestList name="All Loaded Results" id="19431567-8539-422a-85d7-44ee4e166bda" />
  </TestLists>
  <TestEntries>
    <TestEntry testId="11c573cd-0191-078a-44b9-1cfa120f5216" executionId="747b42c3-2b22-40c3-9f1f-ff19b72ceeda" testListId="8c84fa94-04c1-424b-9868-57a2d4851a1d" />
    <TestEntry testId="3ae16cfb-27ba-9aac-3b90-a1df7854ef3c" executionId="a95a9655-45bb-4871-8e54-dab0e9b9f8ab" testListId="8c84fa94-04c1-424b-9868-57a2d4851a1d" />
    <TestEntry testId="47933688-5f26-bf64-ecb0-a15d49bf9962" executionId="bf59070c-1a4e-4520-9149-0246b0b989e9" testListId="8c84fa94-04c1-424b-9868-57a2d4851a1d" />
    <TestEntry testId="53c0877b-6e62-8586-d93c-870e1136c748" executionId="5f82e507-d096-438d-95b1-5390862b8fcd" testListId="8c84fa94-04c1-424b-9868-57a2d4851a1d" />
    <TestEntry testId="58f9fdac-cd3a-a4bc-5560-85b64fa1614a" executionId="925ed084-9e32-415d-be4f-898ae4136ce1" testListId="8c84fa94-04c1-424b-9868-57a2d4851a1d" />
    <TestEntry testId="5e21d739-18c8-c2f7-03a8-0a6b4504e69a" executionId="15b6f908-e3df-48e2-8bfe-ea5db7ae90d4" testListId="8c84fa94-04c1-424b-9868-57a2d4851a1d" />
    <TestEntry testId="7470bfad-8280-824c-7ef5-0cb14f080611" executionId="40675f3d-711f-4175-9e51-84cfcfbca0e0" testListId="8c84fa94-04c1-424b-9868-57a2d4851a1d" />
    <TestEntry testId="888bf383-1cd2-9304-2692-48803ab252cb" executionId="ea179baf-7a76-4b82-9806-675eba7dd268" testListId="8c84fa94-04c1-424b-9868-57a2d4851a1d" />
    <TestEntry testId="99d041bc-6388-87c2-97e4-af16d9546ffb" executionId="6f702469-0bce-4295-bbd5-1ba0cf81076f" testListId="8c84fa94-04c1-424b-9868-57a2d4851a1d" />
    <TestEntry testId="a4abdc6c-d803-cff0-c6dc-152de560d201" executionId="aaade6d7-1e4d-4411-8969-827c8e88bd1a" testListId="8c84fa94-04c1-424b-9868-57a2d4851a1d" />
    <TestEntry testId="ade6c425-996e-6174-a311-6405b32e7d57" executionId="0a6b449e-f359-463a-894c-fdeb4eb5405f" testListId="8c84fa94-04c1-424b-9868-57a2d4851a1d" />
    <TestEntry testId="be2cdd51-7281-1458-49a4-8778293efe6d" executionId="0f4b28c5-f9ae-4729-8ac2-60dfed9302b9" testListId="8c84fa94-04c1-424b-9868-57a2d4851a1d" />
    <TestEntry testId="d9f426ae-5669-c2a5-a92a-8379a61b6016" executionId="ca24a40b-3b26-4698-8ca5-2b878da46076" testListId="8c84fa94-04c1-424b-9868-57a2d4851a1d" />
    <TestEntry testId="e100471e-49c2-72ab-c794-1674300bfb63" executionId="d54af235-ac09-47bb-911f-21462e2e12cd" testListId="8c84fa94-04c1-424b-9868-57a2d4851a1d" />
  </TestEntries>
  <Results>
    <UnitTestResult executionId="747b42c3-2b22-40c3-9f1f-ff19b72ceeda" testId="11c573cd-0191-078a-44b9-1cfa120f5216" testName="RowTransposition_EncryptTest" computerName="OMAR-PC" duration="00:00:00.0350705" startTime="2012-11-21T10:27:02.3753345+02:00" endTime="2012-11-21T10:27:02.8183598+02:00" testType="13cdc9d9-ddb5-4fa4-a97d-d965ccfc6d4b" outcome="Passed" testListId="8c84fa94-04c1-424b-9868-57a2d4851a1d" relativeResultsDirectory="747b42c3-2b22-40c3-9f1f-ff19b72ceeda">
    </UnitTestResult>
    <UnitTestResult executionId="a95a9655-45bb-4871-8e54-dab0e9b9f8ab" testId="3ae16cfb-27ba-9aac-3b90-a1df7854ef3c" testName="Hill_DecryptTest" computerName="OMAR-PC" duration="00:00:00.0125431" startTime="2012-11-21T10:27:02.8213600+02:00" endTime="2012-11-21T10:27:02.8413611+02:00" testType="13cdc9d9-ddb5-4fa4-a97d-d965ccfc6d4b" outcome="Passed" testListId="8c84fa94-04c1-424b-9868-57a2d4851a1d" relativeResultsDirectory="a95a9655-45bb-4871-8e54-dab0e9b9f8ab">
    </UnitTestResult>
    <UnitTestResult executionId="bf59070c-1a4e-4520-9149-0246b0b989e9" testId="47933688-5f26-bf64-ecb0-a15d49bf9962" testName="Ceaser_DecryptTest" computerName="OMAR-PC" duration="00:00:00.0029079" startTime="2012-11-21T10:27:02.8463614+02:00" endTime="2012-11-21T10:27:02.8543619+02:00" testType="13cdc9d9-ddb5-4fa4-a97d-d965ccfc6d4b" outcome="Passed" testListId="8c84fa94-04c1-424b-9868-57a2d4851a1d" relativeResultsDirectory="bf59070c-1a4e-4520-9149-0246b0b989e9">
    </UnitTestResult>
    <UnitTestResult executionId="5f82e507-d096-438d-95b1-5390862b8fcd" testId="53c0877b-6e62-8586-d93c-870e1136c748" testName="AutoKey_DecryptTest" computerName="OMAR-PC" duration="00:00:00.0024506" startTime="2012-11-21T10:27:02.8573620+02:00" endTime="2012-11-21T10:27:02.8673626+02:00" testType="13cdc9d9-ddb5-4fa4-a97d-d965ccfc6d4b" outcome="Passed" testListId="8c84fa94-04c1-424b-9868-57a2d4851a1d" relativeResultsDirectory="5f82e507-d096-438d-95b1-5390862b8fcd">
    </UnitTestResult>
    <UnitTestResult executionId="925ed084-9e32-415d-be4f-898ae4136ce1" testId="58f9fdac-cd3a-a4bc-5560-85b64fa1614a" testName="RailFence_DecryptTest" computerName="OMAR-PC" duration="00:00:00.0023956" startTime="2012-11-21T10:27:02.8713628+02:00" endTime="2012-11-21T10:27:02.8783632+02:00" testType="13cdc9d9-ddb5-4fa4-a97d-d965ccfc6d4b" outcome="Passed" testListId="8c84fa94-04c1-424b-9868-57a2d4851a1d" relativeResultsDirectory="925ed084-9e32-415d-be4f-898ae4136ce1">
    </UnitTestResult>
    <UnitTestResult executionId="15b6f908-e3df-48e2-8bfe-ea5db7ae90d4" testId="5e21d739-18c8-c2f7-03a8-0a6b4504e69a" testName="PlayFair_DecryptTest" computerName="OMAR-PC" duration="00:00:00.0061066" startTime="2012-11-21T10:27:02.8793633+02:00" endTime="2012-11-21T10:27:02.8913640+02:00" testType="13cdc9d9-ddb5-4fa4-a97d-d965ccfc6d4b" outcome="Passed" testListId="8c84fa94-04c1-424b-9868-57a2d4851a1d" relativeResultsDirectory="15b6f908-e3df-48e2-8bfe-ea5db7ae90d4">
    </UnitTestResult>
    <UnitTestResult executionId="40675f3d-711f-4175-9e51-84cfcfbca0e0" testId="7470bfad-8280-824c-7ef5-0cb14f080611" testName="AutoKey_EncryptTest" computerName="OMAR-PC" duration="00:00:00.0008191" startTime="2012-11-21T10:27:02.8933641+02:00" endTime="2012-11-21T10:27:02.9003645+02:00" testType="13cdc9d9-ddb5-4fa4-a97d-d965ccfc6d4b" outcome="Passed" testListId="8c84fa94-04c1-424b-9868-57a2d4851a1d" relativeResultsDirectory="40675f3d-711f-4175-9e51-84cfcfbca0e0">
    </UnitTestResult>
    <UnitTestResult executionId="ea179baf-7a76-4b82-9806-675eba7dd268" testId="888bf383-1cd2-9304-2692-48803ab252cb" testName="Vigenere_DecryptTest" computerName="OMAR-PC" duration="00:00:00.0022069" startTime="2012-11-21T10:27:02.9013646+02:00" endTime="2012-11-21T10:27:02.9093650+02:00" testType="13cdc9d9-ddb5-4fa4-a97d-d965ccfc6d4b" outcome="Passed" testListId="8c84fa94-04c1-424b-9868-57a2d4851a1d" relativeResultsDirectory="ea179baf-7a76-4b82-9806-675eba7dd268">
    </UnitTestResult>
    <UnitTestResult executionId="6f702469-0bce-4295-bbd5-1ba0cf81076f" testId="99d041bc-6388-87c2-97e4-af16d9546ffb" testName="RailFence_EncryptTest" computerName="OMAR-PC" duration="00:00:00.0007037" startTime="2012-11-21T10:27:02.9123652+02:00" endTime="2012-11-21T10:27:02.9203656+02:00" testType="13cdc9d9-ddb5-4fa4-a97d-d965ccfc6d4b" outcome="Passed" testListId="8c84fa94-04c1-424b-9868-57a2d4851a1d" relativeResultsDirectory="6f702469-0bce-4295-bbd5-1ba0cf81076f">
    </UnitTestResult>
    <UnitTestResult executionId="aaade6d7-1e4d-4411-8969-827c8e88bd1a" testId="a4abdc6c-d803-cff0-c6dc-152de560d201" testName="Hill_EncryptTest" computerName="OMAR-PC" duration="00:00:00.0008361" startTime="2012-11-21T10:27:02.9253659+02:00" endTime="2012-11-21T10:27:02.9333664+02:00" testType="13cdc9d9-ddb5-4fa4-a97d-d965ccfc6d4b" outcome="Passed" testListId="8c84fa94-04c1-424b-9868-57a2d4851a1d" relativeResultsDirectory="aaade6d7-1e4d-4411-8969-827c8e88bd1a">
    </UnitTestResult>
    <UnitTestResult executionId="0a6b449e-f359-463a-894c-fdeb4eb5405f" testId="ade6c425-996e-6174-a311-6405b32e7d57" testName="Vigenere_EncryptTest" computerName="OMAR-PC" duration="00:00:00.0007637" startTime="2012-11-21T10:27:02.9343664+02:00" endTime="2012-11-21T10:27:02.9423669+02:00" testType="13cdc9d9-ddb5-4fa4-a97d-d965ccfc6d4b" outcome="Passed" testListId="8c84fa94-04c1-424b-9868-57a2d4851a1d" relativeResultsDirectory="0a6b449e-f359-463a-894c-fdeb4eb5405f">
    </UnitTestResult>
    <UnitTestResult executionId="0f4b28c5-f9ae-4729-8ac2-60dfed9302b9" testId="be2cdd51-7281-1458-49a4-8778293efe6d" testName="RowTransposition_DecryptTest" computerName="OMAR-PC" duration="00:00:00.0017704" startTime="2012-11-21T10:27:02.9453671+02:00" endTime="2012-11-21T10:27:02.9543676+02:00" testType="13cdc9d9-ddb5-4fa4-a97d-d965ccfc6d4b" outcome="Passed" testListId="8c84fa94-04c1-424b-9868-57a2d4851a1d" relativeResultsDirectory="0f4b28c5-f9ae-4729-8ac2-60dfed9302b9">
    </UnitTestResult>
    <UnitTestResult executionId="ca24a40b-3b26-4698-8ca5-2b878da46076" testId="d9f426ae-5669-c2a5-a92a-8379a61b6016" testName="Ceaser_EncryptTest" computerName="OMAR-PC" duration="00:00:00.0007922" startTime="2012-11-21T10:27:02.9553676+02:00" endTime="2012-11-21T10:27:02.9683684+02:00" testType="13cdc9d9-ddb5-4fa4-a97d-d965ccfc6d4b" outcome="Passed" testListId="8c84fa94-04c1-424b-9868-57a2d4851a1d" relativeResultsDirectory="ca24a40b-3b26-4698-8ca5-2b878da46076">
    </UnitTestResult>
    <UnitTestResult executionId="d54af235-ac09-47bb-911f-21462e2e12cd" testId="e100471e-49c2-72ab-c794-1674300bfb63" testName="PlayFair_EncryptTest" computerName="OMAR-PC" duration="00:00:00.0015871" startTime="2012-11-21T10:27:02.9713686+02:00" endTime="2012-11-21T10:27:02.9823692+02:00" testType="13cdc9d9-ddb5-4fa4-a97d-d965ccfc6d4b" outcome="Passed" testListId="8c84fa94-04c1-424b-9868-57a2d4851a1d" relativeResultsDirectory="d54af235-ac09-47bb-911f-21462e2e12cd">
    </UnitTestResult>
  </Results>
</TestRun>