<?xml version="1.0" encoding="UTF-8"?>
<TestRun id="044cbc67-ade3-4111-adf9-6a9198f1c784" name="Omar@OMAR-PC 2012-11-25 15:14:06" runUser="Omar-PC\Omar" xmlns="http://microsoft.com/schemas/VisualStudio/TeamTest/2010">
  <TestSettings name="Local" id="4bb0a581-7075-47b7-ba43-58a6bb142cdb">
    <Description>These are default test settings for a local test run.</Description>
    <Deployment enabled="false" runDeploymentRoot="Omar_OMAR-PC 2012-11-25 15_14_06">
      <DeploymentItem filename="D:\Git\ClassicalEncryptionTechniques_Code\EncryptionAlgorithms\bin\Debug\EncryptionAlgorithms.dll" />
    </Deployment>
    <Execution>
      <TestTypeSpecific />
      <AgentRule name="Execution Agents">
      </AgentRule>
    </Execution>
  </TestSettings>
  <Times creation="2012-11-25T15:14:06.2622642+02:00" queuing="2012-11-25T15:14:06.6622871+02:00" start="2012-11-25T15:14:06.7292909+02:00" finish="2012-11-25T15:14:07.3683275+02:00" />
  <ResultSummary outcome="Completed">
    <Counters total="14" executed="14" passed="14" error="0" failed="0" timeout="0" aborted="0" inconclusive="0" passedButRunAborted="0" notRunnable="0" notExecuted="0" disconnected="0" warning="0" completed="0" inProgress="0" pending="0" />
  </ResultSummary>
  <TestDefinitions>
    <UnitTest name="RailFence_DecryptTest" storage="d:\git\classicalencryptiontechniques_code\unittests\bin\debug\unittests.dll" id="58f9fdac-cd3a-a4bc-5560-85b64fa1614a">
      <Execution id="824c1784-87b5-4181-b22e-b0d38fe7d854" />
      <TestMethod codeBase="D:/Git/ClassicalEncryptionTechniques_Code/UnitTests/bin/Debug/UnitTests.DLL" adapterTypeName="Microsoft.VisualStudio.TestTools.TestTypes.Unit.UnitTestAdapter, Microsoft.VisualStudio.QualityTools.Tips.UnitTest.Adapter, Version=10.0.0.0, Culture=neutral, PublicKeyToken=b03f5f7f11d50a3a" className="UnitTests.RailFenceTest, UnitTests, Version=1.0.0.0, Culture=neutral, PublicKeyToken=null" name="RailFence_DecryptTest" />
    </UnitTest>
    <UnitTest name="Hill_EncryptTest" storage="d:\git\classicalencryptiontechniques_code\unittests\bin\debug\unittests.dll" id="a4abdc6c-d803-cff0-c6dc-152de560d201">
      <Execution id="f4a2497f-1415-46b9-ba54-853d5080f3bb" />
      <TestMethod codeBase="D:/Git/ClassicalEncryptionTechniques_Code/UnitTests/bin/Debug/UnitTests.DLL" adapterTypeName="Microsoft.VisualStudio.TestTools.TestTypes.Unit.UnitTestAdapter, Microsoft.VisualStudio.QualityTools.Tips.UnitTest.Adapter, Version=10.0.0.0, Culture=neutral, PublicKeyToken=b03f5f7f11d50a3a" className="UnitTests.HillTest, UnitTests, Version=1.0.0.0, Culture=neutral, PublicKeyToken=null" name="Hill_EncryptTest" />
    </UnitTest>
    <UnitTest name="RailFence_EncryptTest" storage="d:\git\classicalencryptiontechniques_code\unittests\bin\debug\unittests.dll" id="99d041bc-6388-87c2-97e4-af16d9546ffb">
      <Execution id="b2c2bc8a-984f-4ae7-9f6a-63ed65b1635d" />
      <TestMethod codeBase="D:/Git/ClassicalEncryptionTechniques_Code/UnitTests/bin/Debug/UnitTests.DLL" adapterTypeName="Microsoft.VisualStudio.TestTools.TestTypes.Unit.UnitTestAdapter, Microsoft.VisualStudio.QualityTools.Tips.UnitTest.Adapter, Version=10.0.0.0, Culture=neutral, PublicKeyToken=b03f5f7f11d50a3a" className="UnitTests.RailFenceTest, UnitTests, Version=1.0.0.0, Culture=neutral, PublicKeyToken=null" name="RailFence_EncryptTest" />
    </UnitTest>
    <UnitTest name="AutoKey_EncryptTest" storage="d:\git\classicalencryptiontechniques_code\unittests\bin\debug\unittests.dll" id="7470bfad-8280-824c-7ef5-0cb14f080611">
      <Execution id="5a58866b-fbcb-4c82-80e2-aa983693269c" />
      <TestMethod codeBase="D:/Git/ClassicalEncryptionTechniques_Code/UnitTests/bin/Debug/UnitTests.DLL" adapterTypeName="Microsoft.VisualStudio.TestTools.TestTypes.Unit.UnitTestAdapter, Microsoft.VisualStudio.QualityTools.Tips.UnitTest.Adapter, Version=10.0.0.0, Culture=neutral, PublicKeyToken=b03f5f7f11d50a3a" className="UnitTests.AutoKeyTest, UnitTests, Version=1.0.0.0, Culture=neutral, PublicKeyToken=null" name="AutoKey_EncryptTest" />
    </UnitTest>
    <UnitTest name="AutoKey_DecryptTest" storage="d:\git\classicalencryptiontechniques_code\unittests\bin\debug\unittests.dll" id="53c0877b-6e62-8586-d93c-870e1136c748">
      <Execution id="59e5278f-0664-40df-a3a9-da6e1d11d31b" />
      <TestMethod codeBase="D:/Git/ClassicalEncryptionTechniques_Code/UnitTests/bin/Debug/UnitTests.DLL" adapterTypeName="Microsoft.VisualStudio.TestTools.TestTypes.Unit.UnitTestAdapter, Microsoft.VisualStudio.QualityTools.Tips.UnitTest.Adapter, Version=10.0.0.0, Culture=neutral, PublicKeyToken=b03f5f7f11d50a3a" className="UnitTests.AutoKeyTest, UnitTests, Version=1.0.0.0, Culture=neutral, PublicKeyToken=null" name="AutoKey_DecryptTest" />
    </UnitTest>
    <UnitTest name="PlayFair_DecryptTest" storage="d:\git\classicalencryptiontechniques_code\unittests\bin\debug\unittests.dll" id="5e21d739-18c8-c2f7-03a8-0a6b4504e69a">
      <Execution id="393d740c-f749-4558-85d2-c2c6860ed0db" />
      <TestMethod codeBase="D:/Git/ClassicalEncryptionTechniques_Code/UnitTests/bin/Debug/UnitTests.DLL" adapterTypeName="Microsoft.VisualStudio.TestTools.TestTypes.Unit.UnitTestAdapter, Microsoft.VisualStudio.QualityTools.Tips.UnitTest.Adapter, Version=10.0.0.0, Culture=neutral, PublicKeyToken=b03f5f7f11d50a3a" className="UnitTests.PlayFairTest, UnitTests, Version=1.0.0.0, Culture=neutral, PublicKeyToken=null" name="PlayFair_DecryptTest" />
    </UnitTest>
    <UnitTest name="RowTransposition_DecryptTest" storage="d:\git\classicalencryptiontechniques_code\unittests\bin\debug\unittests.dll" id="be2cdd51-7281-1458-49a4-8778293efe6d">
      <Execution id="451a1ef1-d032-4fab-8d33-959f4c71ae2e" />
      <TestMethod codeBase="D:/Git/ClassicalEncryptionTechniques_Code/UnitTests/bin/Debug/UnitTests.DLL" adapterTypeName="Microsoft.VisualStudio.TestTools.TestTypes.Unit.UnitTestAdapter, Microsoft.VisualStudio.QualityTools.Tips.UnitTest.Adapter, Version=10.0.0.0, Culture=neutral, PublicKeyToken=b03f5f7f11d50a3a" className="UnitTests.RowTranspositionTest, UnitTests, Version=1.0.0.0, Culture=neutral, PublicKeyToken=null" name="RowTransposition_DecryptTest" />
    </UnitTest>
    <UnitTest name="Ceaser_EncryptTest" storage="d:\git\classicalencryptiontechniques_code\unittests\bin\debug\unittests.dll" id="d9f426ae-5669-c2a5-a92a-8379a61b6016">
      <Execution id="ccadeaee-ddc7-427b-9934-2d59e9402683" />
      <TestMethod codeBase="D:/Git/ClassicalEncryptionTechniques_Code/UnitTests/bin/Debug/UnitTests.DLL" adapterTypeName="Microsoft.VisualStudio.TestTools.TestTypes.Unit.UnitTestAdapter, Microsoft.VisualStudio.QualityTools.Tips.UnitTest.Adapter, Version=10.0.0.0, Culture=neutral, PublicKeyToken=b03f5f7f11d50a3a" className="UnitTests.CeaserTest, UnitTests, Version=1.0.0.0, Culture=neutral, PublicKeyToken=null" name="Ceaser_EncryptTest" />
    </UnitTest>
    <UnitTest name="Vigenere_EncryptTest" storage="d:\git\classicalencryptiontechniques_code\unittests\bin\debug\unittests.dll" id="ade6c425-996e-6174-a311-6405b32e7d57">
      <Execution id="189c8fc1-8347-4f05-9142-5d8a1a5f3653" />
      <TestMethod codeBase="D:/Git/ClassicalEncryptionTechniques_Code/UnitTests/bin/Debug/UnitTests.DLL" adapterTypeName="Microsoft.VisualStudio.TestTools.TestTypes.Unit.UnitTestAdapter, Microsoft.VisualStudio.QualityTools.Tips.UnitTest.Adapter, Version=10.0.0.0, Culture=neutral, PublicKeyToken=b03f5f7f11d50a3a" className="UnitTests.VigenereTest, UnitTests, Version=1.0.0.0, Culture=neutral, PublicKeyToken=null" name="Vigenere_EncryptTest" />
    </UnitTest>
    <UnitTest name="RowTransposition_EncryptTest" storage="d:\git\classicalencryptiontechniques_code\unittests\bin\debug\unittests.dll" id="11c573cd-0191-078a-44b9-1cfa120f5216">
      <Execution id="56e86d6e-0a97-4506-b9b4-5a66ab8e3ce0" />
      <TestMethod codeBase="D:/Git/ClassicalEncryptionTechniques_Code/UnitTests/bin/Debug/UnitTests.DLL" adapterTypeName="Microsoft.VisualStudio.TestTools.TestTypes.Unit.UnitTestAdapter, Microsoft.VisualStudio.QualityTools.Tips.UnitTest.Adapter, Version=10.0.0.0, Culture=neutral, PublicKeyToken=b03f5f7f11d50a3a" className="UnitTests.RowTranspositionTest, UnitTests, Version=1.0.0.0, Culture=neutral, PublicKeyToken=null" name="RowTransposition_EncryptTest" />
    </UnitTest>
    <UnitTest name="Vigenere_DecryptTest" storage="d:\git\classicalencryptiontechniques_code\unittests\bin\debug\unittests.dll" id="888bf383-1cd2-9304-2692-48803ab252cb">
      <Execution id="b17301f8-6e14-458a-a552-8149e7f7dfaf" />
      <TestMethod codeBase="D:/Git/ClassicalEncryptionTechniques_Code/UnitTests/bin/Debug/UnitTests.DLL" adapterTypeName="Microsoft.VisualStudio.TestTools.TestTypes.Unit.UnitTestAdapter, Microsoft.VisualStudio.QualityTools.Tips.UnitTest.Adapter, Version=10.0.0.0, Culture=neutral, PublicKeyToken=b03f5f7f11d50a3a" className="UnitTests.VigenereTest, UnitTests, Version=1.0.0.0, Culture=neutral, PublicKeyToken=null" name="Vigenere_DecryptTest" />
    </UnitTest>
    <UnitTest name="Hill_DecryptTest" storage="d:\git\classicalencryptiontechniques_code\unittests\bin\debug\unittests.dll" id="3ae16cfb-27ba-9aac-3b90-a1df7854ef3c">
      <Execution id="5cbe9eb6-332e-4487-80d4-8336601dd3ca" />
      <TestMethod codeBase="D:/Git/ClassicalEncryptionTechniques_Code/UnitTests/bin/Debug/UnitTests.DLL" adapterTypeName="Microsoft.VisualStudio.TestTools.TestTypes.Unit.UnitTestAdapter, Microsoft.VisualStudio.QualityTools.Tips.UnitTest.Adapter, Version=10.0.0.0, Culture=neutral, PublicKeyToken=b03f5f7f11d50a3a" className="UnitTests.HillTest, UnitTests, Version=1.0.0.0, Culture=neutral, PublicKeyToken=null" name="Hill_DecryptTest" />
    </UnitTest>
    <UnitTest name="Ceaser_DecryptTest" storage="d:\git\classicalencryptiontechniques_code\unittests\bin\debug\unittests.dll" id="47933688-5f26-bf64-ecb0-a15d49bf9962">
      <Execution id="8d79ad2a-1c40-4b30-823d-9a7702d595b7" />
      <TestMethod codeBase="D:/Git/ClassicalEncryptionTechniques_Code/UnitTests/bin/Debug/UnitTests.DLL" adapterTypeName="Microsoft.VisualStudio.TestTools.TestTypes.Unit.UnitTestAdapter, Microsoft.VisualStudio.QualityTools.Tips.UnitTest.Adapter, Version=10.0.0.0, Culture=neutral, PublicKeyToken=b03f5f7f11d50a3a" className="UnitTests.CeaserTest, UnitTests, Version=1.0.0.0, Culture=neutral, PublicKeyToken=null" name="Ceaser_DecryptTest" />
    </UnitTest>
    <UnitTest name="PlayFair_EncryptTest" storage="d:\git\classicalencryptiontechniques_code\unittests\bin\debug\unittests.dll" id="e100471e-49c2-72ab-c794-1674300bfb63">
      <Execution id="3fe58615-7433-4616-855e-0f2deaab2a7b" />
      <TestMethod codeBase="D:/Git/ClassicalEncryptionTechniques_Code/UnitTests/bin/Debug/UnitTests.DLL" adapterTypeName="Microsoft.VisualStudio.TestTools.TestTypes.Unit.UnitTestAdapter, Microsoft.VisualStudio.QualityTools.Tips.UnitTest.Adapter, Version=10.0.0.0, Culture=neutral, PublicKeyToken=b03f5f7f11d50a3a" className="UnitTests.PlayFairTest, UnitTests, Version=1.0.0.0, Culture=neutral, PublicKeyToken=null" name="PlayFair_EncryptTest" />
    </UnitTest>
  </TestDefinitions>
  <TestLists>
    <TestList name="Results Not in a List" id="8c84fa94-04c1-424b-9868-57a2d4851a1d" />
    <TestList name="All Loaded Results" id="19431567-8539-422a-85d7-44ee4e166bda" />
  </TestLists>
  <TestEntries>
    <TestEntry testId="11c573cd-0191-078a-44b9-1cfa120f5216" executionId="56e86d6e-0a97-4506-b9b4-5a66ab8e3ce0" testListId="8c84fa94-04c1-424b-9868-57a2d4851a1d" />
    <TestEntry testId="3ae16cfb-27ba-9aac-3b90-a1df7854ef3c" executionId="5cbe9eb6-332e-4487-80d4-8336601dd3ca" testListId="8c84fa94-04c1-424b-9868-57a2d4851a1d" />
    <TestEntry testId="47933688-5f26-bf64-ecb0-a15d49bf9962" executionId="8d79ad2a-1c40-4b30-823d-9a7702d595b7" testListId="8c84fa94-04c1-424b-9868-57a2d4851a1d" />
    <TestEntry testId="53c0877b-6e62-8586-d93c-870e1136c748" executionId="59e5278f-0664-40df-a3a9-da6e1d11d31b" testListId="8c84fa94-04c1-424b-9868-57a2d4851a1d" />
    <TestEntry testId="58f9fdac-cd3a-a4bc-5560-85b64fa1614a" executionId="824c1784-87b5-4181-b22e-b0d38fe7d854" testListId="8c84fa94-04c1-424b-9868-57a2d4851a1d" />
    <TestEntry testId="5e21d739-18c8-c2f7-03a8-0a6b4504e69a" executionId="393d740c-f749-4558-85d2-c2c6860ed0db" testListId="8c84fa94-04c1-424b-9868-57a2d4851a1d" />
    <TestEntry testId="7470bfad-8280-824c-7ef5-0cb14f080611" executionId="5a58866b-fbcb-4c82-80e2-aa983693269c" testListId="8c84fa94-04c1-424b-9868-57a2d4851a1d" />
    <TestEntry testId="888bf383-1cd2-9304-2692-48803ab252cb" executionId="b17301f8-6e14-458a-a552-8149e7f7dfaf" testListId="8c84fa94-04c1-424b-9868-57a2d4851a1d" />
    <TestEntry testId="99d041bc-6388-87c2-97e4-af16d9546ffb" executionId="b2c2bc8a-984f-4ae7-9f6a-63ed65b1635d" testListId="8c84fa94-04c1-424b-9868-57a2d4851a1d" />
    <TestEntry testId="a4abdc6c-d803-cff0-c6dc-152de560d201" executionId="f4a2497f-1415-46b9-ba54-853d5080f3bb" testListId="8c84fa94-04c1-424b-9868-57a2d4851a1d" />
    <TestEntry testId="ade6c425-996e-6174-a311-6405b32e7d57" executionId="189c8fc1-8347-4f05-9142-5d8a1a5f3653" testListId="8c84fa94-04c1-424b-9868-57a2d4851a1d" />
    <TestEntry testId="be2cdd51-7281-1458-49a4-8778293efe6d" executionId="451a1ef1-d032-4fab-8d33-959f4c71ae2e" testListId="8c84fa94-04c1-424b-9868-57a2d4851a1d" />
    <TestEntry testId="d9f426ae-5669-c2a5-a92a-8379a61b6016" executionId="ccadeaee-ddc7-427b-9934-2d59e9402683" testListId="8c84fa94-04c1-424b-9868-57a2d4851a1d" />
    <TestEntry testId="e100471e-49c2-72ab-c794-1674300bfb63" executionId="3fe58615-7433-4616-855e-0f2deaab2a7b" testListId="8c84fa94-04c1-424b-9868-57a2d4851a1d" />
  </TestEntries>
  <Results>
    <UnitTestResult executionId="56e86d6e-0a97-4506-b9b4-5a66ab8e3ce0" testId="11c573cd-0191-078a-44b9-1cfa120f5216" testName="RowTransposition_EncryptTest" computerName="OMAR-PC" duration="00:00:00.0305364" startTime="2012-11-25T15:14:06.7432917+02:00" endTime="2012-11-25T15:14:07.1953176+02:00" testType="13cdc9d9-ddb5-4fa4-a97d-d965ccfc6d4b" outcome="Passed" testListId="8c84fa94-04c1-424b-9868-57a2d4851a1d" relativeResultsDirectory="56e86d6e-0a97-4506-b9b4-5a66ab8e3ce0">
    </UnitTestResult>
    <UnitTestResult executionId="5cbe9eb6-332e-4487-80d4-8336601dd3ca" testId="3ae16cfb-27ba-9aac-3b90-a1df7854ef3c" testName="Hill_DecryptTest" computerName="OMAR-PC" duration="00:00:00.0146201" startTime="2012-11-25T15:14:07.1993178+02:00" endTime="2012-11-25T15:14:07.2213190+02:00" testType="13cdc9d9-ddb5-4fa4-a97d-d965ccfc6d4b" outcome="Passed" testListId="8c84fa94-04c1-424b-9868-57a2d4851a1d" relativeResultsDirectory="5cbe9eb6-332e-4487-80d4-8336601dd3ca">
    </UnitTestResult>
    <UnitTestResult executionId="8d79ad2a-1c40-4b30-823d-9a7702d595b7" testId="47933688-5f26-bf64-ecb0-a15d49bf9962" testName="Ceaser_DecryptTest" computerName="OMAR-PC" duration="00:00:00.0015190" startTime="2012-11-25T15:14:07.2263193+02:00" endTime="2012-11-25T15:14:07.2333197+02:00" testType="13cdc9d9-ddb5-4fa4-a97d-d965ccfc6d4b" outcome="Passed" testListId="8c84fa94-04c1-424b-9868-57a2d4851a1d" relativeResultsDirectory="8d79ad2a-1c40-4b30-823d-9a7702d595b7">
    </UnitTestResult>
    <UnitTestResult executionId="59e5278f-0664-40df-a3a9-da6e1d11d31b" testId="53c0877b-6e62-8586-d93c-870e1136c748" testName="AutoKey_DecryptTest" computerName="OMAR-PC" duration="00:00:00.0016710" startTime="2012-11-25T15:14:07.2373200+02:00" endTime="2012-11-25T15:14:07.2433203+02:00" testType="13cdc9d9-ddb5-4fa4-a97d-d965ccfc6d4b" outcome="Passed" testListId="8c84fa94-04c1-424b-9868-57a2d4851a1d" relativeResultsDirectory="59e5278f-0664-40df-a3a9-da6e1d11d31b">
    </UnitTestResult>
    <UnitTestResult executionId="824c1784-87b5-4181-b22e-b0d38fe7d854" testId="58f9fdac-cd3a-a4bc-5560-85b64fa1614a" testName="RailFence_DecryptTest" computerName="OMAR-PC" duration="00:00:00.0017180" startTime="2012-11-25T15:14:07.2443204+02:00" endTime="2012-11-25T15:14:07.2513208+02:00" testType="13cdc9d9-ddb5-4fa4-a97d-d965ccfc6d4b" outcome="Passed" testListId="8c84fa94-04c1-424b-9868-57a2d4851a1d" relativeResultsDirectory="824c1784-87b5-4181-b22e-b0d38fe7d854">
    </UnitTestResult>
    <UnitTestResult executionId="393d740c-f749-4558-85d2-c2c6860ed0db" testId="5e21d739-18c8-c2f7-03a8-0a6b4504e69a" testName="PlayFair_DecryptTest" computerName="OMAR-PC" duration="00:00:00.0085659" startTime="2012-11-25T15:14:07.2543209+02:00" endTime="2012-11-25T15:14:07.2673217+02:00" testType="13cdc9d9-ddb5-4fa4-a97d-d965ccfc6d4b" outcome="Passed" testListId="8c84fa94-04c1-424b-9868-57a2d4851a1d" relativeResultsDirectory="393d740c-f749-4558-85d2-c2c6860ed0db">
    </UnitTestResult>
    <UnitTestResult executionId="5a58866b-fbcb-4c82-80e2-aa983693269c" testId="7470bfad-8280-824c-7ef5-0cb14f080611" testName="AutoKey_EncryptTest" computerName="OMAR-PC" duration="00:00:00.0004700" startTime="2012-11-25T15:14:07.2733220+02:00" endTime="2012-11-25T15:14:07.2783223+02:00" testType="13cdc9d9-ddb5-4fa4-a97d-d965ccfc6d4b" outcome="Passed" testListId="8c84fa94-04c1-424b-9868-57a2d4851a1d" relativeResultsDirectory="5a58866b-fbcb-4c82-80e2-aa983693269c">
    </UnitTestResult>
    <UnitTestResult executionId="b17301f8-6e14-458a-a552-8149e7f7dfaf" testId="888bf383-1cd2-9304-2692-48803ab252cb" testName="Vigenere_DecryptTest" computerName="OMAR-PC" duration="00:00:00.0012957" startTime="2012-11-25T15:14:07.2803224+02:00" endTime="2012-11-25T15:14:07.2863228+02:00" testType="13cdc9d9-ddb5-4fa4-a97d-d965ccfc6d4b" outcome="Passed" testListId="8c84fa94-04c1-424b-9868-57a2d4851a1d" relativeResultsDirectory="b17301f8-6e14-458a-a552-8149e7f7dfaf">
    </UnitTestResult>
    <UnitTestResult executionId="b2c2bc8a-984f-4ae7-9f6a-63ed65b1635d" testId="99d041bc-6388-87c2-97e4-af16d9546ffb" testName="RailFence_EncryptTest" computerName="OMAR-PC" duration="00:00:00.0004080" startTime="2012-11-25T15:14:07.2873228+02:00" endTime="2012-11-25T15:14:07.2943232+02:00" testType="13cdc9d9-ddb5-4fa4-a97d-d965ccfc6d4b" outcome="Passed" testListId="8c84fa94-04c1-424b-9868-57a2d4851a1d" relativeResultsDirectory="b2c2bc8a-984f-4ae7-9f6a-63ed65b1635d">
    </UnitTestResult>
    <UnitTestResult executionId="f4a2497f-1415-46b9-ba54-853d5080f3bb" testId="a4abdc6c-d803-cff0-c6dc-152de560d201" testName="Hill_EncryptTest" computerName="OMAR-PC" duration="00:00:00.0004261" startTime="2012-11-25T15:14:07.2953233+02:00" endTime="2012-11-25T15:14:07.2993235+02:00" testType="13cdc9d9-ddb5-4fa4-a97d-d965ccfc6d4b" outcome="Passed" testListId="8c84fa94-04c1-424b-9868-57a2d4851a1d" relativeResultsDirectory="f4a2497f-1415-46b9-ba54-853d5080f3bb">
    </UnitTestResult>
    <UnitTestResult executionId="189c8fc1-8347-4f05-9142-5d8a1a5f3653" testId="ade6c425-996e-6174-a311-6405b32e7d57" testName="Vigenere_EncryptTest" computerName="OMAR-PC" duration="00:00:00.0005824" startTime="2012-11-25T15:14:07.3033237+02:00" endTime="2012-11-25T15:14:07.3113242+02:00" testType="13cdc9d9-ddb5-4fa4-a97d-d965ccfc6d4b" outcome="Passed" testListId="8c84fa94-04c1-424b-9868-57a2d4851a1d" relativeResultsDirectory="189c8fc1-8347-4f05-9142-5d8a1a5f3653">
    </UnitTestResult>
    <UnitTestResult executionId="451a1ef1-d032-4fab-8d33-959f4c71ae2e" testId="be2cdd51-7281-1458-49a4-8778293efe6d" testName="RowTransposition_DecryptTest" computerName="OMAR-PC" duration="00:00:00.0009485" startTime="2012-11-25T15:14:07.3133243+02:00" endTime="2012-11-25T15:14:07.3193247+02:00" testType="13cdc9d9-ddb5-4fa4-a97d-d965ccfc6d4b" outcome="Passed" testListId="8c84fa94-04c1-424b-9868-57a2d4851a1d" relativeResultsDirectory="451a1ef1-d032-4fab-8d33-959f4c71ae2e">
    </UnitTestResult>
    <UnitTestResult executionId="ccadeaee-ddc7-427b-9934-2d59e9402683" testId="d9f426ae-5669-c2a5-a92a-8379a61b6016" testName="Ceaser_EncryptTest" computerName="OMAR-PC" duration="00:00:00.0004095" startTime="2012-11-25T15:14:07.3213248+02:00" endTime="2012-11-25T15:14:07.3253250+02:00" testType="13cdc9d9-ddb5-4fa4-a97d-d965ccfc6d4b" outcome="Passed" testListId="8c84fa94-04c1-424b-9868-57a2d4851a1d" relativeResultsDirectory="ccadeaee-ddc7-427b-9934-2d59e9402683">
    </UnitTestResult>
    <UnitTestResult executionId="3fe58615-7433-4616-855e-0f2deaab2a7b" testId="e100471e-49c2-72ab-c794-1674300bfb63" testName="PlayFair_EncryptTest" computerName="OMAR-PC" duration="00:00:00.0009862" startTime="2012-11-25T15:14:07.3263251+02:00" endTime="2012-11-25T15:14:07.3403259+02:00" testType="13cdc9d9-ddb5-4fa4-a97d-d965ccfc6d4b" outcome="Passed" testListId="8c84fa94-04c1-424b-9868-57a2d4851a1d" relativeResultsDirectory="3fe58615-7433-4616-855e-0f2deaab2a7b">
    </UnitTestResult>
  </Results>
</TestRun>