<?xml version="1.0" encoding="UTF-8"?>
<TestRun id="01f4b53a-7ffe-4c0c-948c-e81d136709ce" name="test10@TEST10-PC 2012-06-19 14:23:54" runUser="test10-PC\test10" xmlns="http://microsoft.com/schemas/VisualStudio/TeamTest/2010">
  <TestSettings name="Local" id="4bb0a581-7075-47b7-ba43-58a6bb142cdb">
    <Description>These are default test settings for a local test run.</Description>
    <Deployment userDeploymentRoot="C:\Users\test10\Desktop\ClassicalEncryptionTechniques_Code\TestResults" useDefaultDeploymentRoot="false" enabled="false" runDeploymentRoot="test10_TEST10-PC 2012-06-19 14_23_54">
      <DeploymentItem filename="C:\Users\test10\Desktop\ClassicalEncryptionTechniques_Code\Services\bin\Debug\Services.dll" />
    </Deployment>
    <Execution>
      <TestTypeSpecific />
      <AgentRule name="Execution Agents">
      </AgentRule>
    </Execution>
  </TestSettings>
  <Times creation="2012-06-19T14:23:54.7446091+02:00" queuing="2012-06-19T14:23:54.7996123+02:00" start="2012-06-19T14:23:54.8036125+02:00" finish="2012-06-19T14:23:54.9986237+02:00" />
  <ResultSummary outcome="Failed">
    <Counters total="1" executed="1" error="0" failed="1" timeout="0" aborted="0" inconclusive="0" passedButRunAborted="0" notRunnable="0" notExecuted="0" disconnected="0" warning="0" passed="0" completed="0" inProgress="0" pending="0" />
  </ResultSummary>
  <TestDefinitions>
    <UnitTest name="DecryptTest" storage="c:\users\test10\desktop\classicalencryptiontechniques_code\unittests\bin\debug\unittests.dll" id="916d3501-990b-dcac-4a6a-2e6e7d026822">
      <Execution id="11bd0bfe-b4d6-4ae9-82ee-e9c642521b6b" />
      <TestMethod codeBase="C:/Users/test10/Desktop/ClassicalEncryptionTechniques_Code/UnitTests/bin/Debug/UnitTests.DLL" adapterTypeName="Microsoft.VisualStudio.TestTools.TestTypes.Unit.UnitTestAdapter, Microsoft.VisualStudio.QualityTools.Tips.UnitTest.Adapter, Version=10.0.0.0, Culture=neutral, PublicKeyToken=b03f5f7f11d50a3a" className="UnitTests.RowTranspositionTest, UnitTests, Version=1.0.0.0, Culture=neutral, PublicKeyToken=null" name="DecryptTest" />
    </UnitTest>
  </TestDefinitions>
  <TestLists>
    <TestList name="Results Not in a List" id="8c84fa94-04c1-424b-9868-57a2d4851a1d" />
    <TestList name="All Loaded Results" id="19431567-8539-422a-85d7-44ee4e166bda" />
  </TestLists>
  <TestEntries>
    <TestEntry testId="916d3501-990b-dcac-4a6a-2e6e7d026822" executionId="11bd0bfe-b4d6-4ae9-82ee-e9c642521b6b" testListId="8c84fa94-04c1-424b-9868-57a2d4851a1d" />
  </TestEntries>
  <Results>
    <UnitTestResult executionId="11bd0bfe-b4d6-4ae9-82ee-e9c642521b6b" testId="916d3501-990b-dcac-4a6a-2e6e7d026822" testName="DecryptTest" computerName="TEST10-PC" duration="00:00:00.0272765" startTime="2012-06-19T14:23:54.8056126+02:00" endTime="2012-06-19T14:23:54.9836228+02:00" testType="13cdc9d9-ddb5-4fa4-a97d-d965ccfc6d4b" outcome="Failed" testListId="8c84fa94-04c1-424b-9868-57a2d4851a1d" relativeResultsDirectory="11bd0bfe-b4d6-4ae9-82ee-e9c642521b6b">
      <Output>
        <ErrorInfo>
          <Message>Assert.AreEqual failed. Expected:&lt;attackpostponeduntiltwoam&gt;. Actual:&lt;nsc** auop* ttwl* tmdn  aoie* pa*t* tok** &gt;. </Message>
          <StackTrace>   at UnitTests.RowTranspositionTest.DecryptTest() in C:\Users\test10\Desktop\ClassicalEncryptionTechniques_Code\UnitTests\ServicesTest\RowTranspositionTest.cs:line 39
</StackTrace>
        </ErrorInfo>
      </Output>
    </UnitTestResult>
  </Results>
</TestRun>